<testsuites id="" name="" tests="34" failures="0" skipped="0" errors="0" time="6.517252999999999">
<testsuite name="add-client-inline.spec.ts" timestamp="2026-04-03T21:58:27.384Z" hostname="chromium" tests="7" failures="0" skipped="0" time="10.266" errors="0">
<testcase name="Add new client inline › [P0] opens inline client form from the client Select" classname="add-client-inline.spec.ts" time="1.352">
</testcase>
<testcase name="Add new client inline › [P0] saves inline form and auto-selects the new client" classname="add-client-inline.spec.ts" time="1.209">
</testcase>
<testcase name="Add new client inline › [P1] cancelling inline form restores Select without changing selection" classname="add-client-inline.spec.ts" time="1.376">
</testcase>
<testcase name="Add new client inline › [P1] Save button is disabled when client name is empty" classname="add-client-inline.spec.ts" time="1.43">
</testcase>
<testcase name="Add new client inline › [P1] empty hourly rate defaults to 0 when creating client" classname="add-client-inline.spec.ts" time="1.806">
</testcase>
<testcase name="Add new client inline › [P0] creates a new client inline from TaskDetailPanel and task updates" classname="add-client-inline.spec.ts" time="1.39">
</testcase>
<testcase name="Add new client inline › [P2] inline client form renders Portuguese labels when language is PT" classname="add-client-inline.spec.ts" time="1.703">
</testcase>
</testsuite>
<testsuite name="earnings-dashboard-persistence.spec.ts" timestamp="2026-04-03T21:58:27.384Z" hostname="chromium" tests="5" failures="0" skipped="0" time="4.983" errors="0">
<testcase name="Story 1.3 — Earnings dashboard persistence › [P0] saving date range and billable filter writes earnings-dashboard-state (AC1)" classname="earnings-dashboard-persistence.spec.ts" time="0.825">
</testcase>
<testcase name="Story 1.3 — Earnings dashboard persistence › [P0] navigating away and back restores date range and billable filter (AC2)" classname="earnings-dashboard-persistence.spec.ts" time="1.3">
</testcase>
<testcase name="Story 1.3 — Earnings dashboard persistence › [P1] reload on /earnings restores persisted filter state (AC3)" classname="earnings-dashboard-persistence.spec.ts" time="1.277">
</testcase>
<testcase name="Story 1.3 — Earnings dashboard persistence › [P1] persisted document includes activeChart in earnings-dashboard-state (AC5)" classname="earnings-dashboard-persistence.spec.ts" time="0.692">
</testcase>
<testcase name="Story 1.3 — Earnings dashboard persistence › [P0] after app data clear, dashboard shows default filters — localStorage key removed (AC4 E2E)" classname="earnings-dashboard-persistence.spec.ts" time="0.889">
</testcase>
</testsuite>
<testsuite name="earnings-dashboard-route.spec.ts" timestamp="2026-04-03T21:58:27.384Z" hostname="chromium" tests="4" failures="0" skipped="0" time="2.323" errors="0">
<testcase name="Story 1.1 — /earnings route › [P0] renders earnings dashboard heading and tab title" classname="earnings-dashboard-route.spec.ts" time="0.412">
</testcase>
<testcase name="Story 1.1 — /earnings route › [P0] renders earnings dashboard with Portuguese copy when locale is pt" classname="earnings-dashboard-route.spec.ts" time="0.431">
</testcase>
<testcase name="Story 1.1 — /earnings route › [P0] back navigation from /earnings preserves kanban localStorage" classname="earnings-dashboard-route.spec.ts" time="1.019">
</testcase>
<testcase name="Story 1.1 — /earnings route › [P1] loads /earnings within 1 second (NFR-P5)" classname="earnings-dashboard-route.spec.ts" time="0.461">
</testcase>
</testsuite>
<testsuite name="earnings-nav-integration.spec.ts" timestamp="2026-04-03T21:58:27.384Z" hostname="chromium" tests="8" failures="0" skipped="0" time="4.508" errors="0">
<testcase name="Story 1.2 — Earnings nav integration › [P0] header shows Earnings and Board navigation links" classname="earnings-nav-integration.spec.ts" time="0.563">
</testcase>
<testcase name="Story 1.2 — Earnings nav integration › [P0] navigation links use translated text in Portuguese" classname="earnings-nav-integration.spec.ts" time="0.604">
</testcase>
<testcase name="Story 1.2 — Earnings nav integration › [P0] clicking Earnings link navigates to /earnings and shows dashboard" classname="earnings-nav-integration.spec.ts" time="0.573">
</testcase>
<testcase name="Story 1.2 — Earnings nav integration › [P1] active Earnings link is highlighted when on /earnings" classname="earnings-nav-integration.spec.ts" time="0.489">
</testcase>
<testcase name="Story 1.2 — Earnings nav integration › [P1] active Board link is highlighted when on /" classname="earnings-nav-integration.spec.ts" time="0.612">
</testcase>
<testcase name="Story 1.2 — Earnings nav integration › [P0] clicking Board link from /earnings returns to / without data loss" classname="earnings-nav-integration.spec.ts" time="0.603">
</testcase>
<testcase name="Story 1.2 — Earnings nav integration › [P0] Earnings nav link is present on /earnings page header" classname="earnings-nav-integration.spec.ts" time="0.543">
</testcase>
<testcase name="Story 1.2 — Earnings nav integration › [P1] navigation links are accessible at 320px viewport width" classname="earnings-nav-integration.spec.ts" time="0.521">
</testcase>
</testsuite>
<testsuite name="example.spec.ts" timestamp="2026-04-03T21:58:27.384Z" hostname="chromium" tests="1" failures="0" skipped="0" time="0.563" errors="0">
<testcase name="FreelanceFlow smoke › loads main shell with document title" classname="example.spec.ts" time="0.563">
</testcase>
</testsuite>
<testsuite name="tags-select-display.spec.ts" timestamp="2026-04-03T21:58:27.384Z" hostname="chromium" tests="9" failures="0" skipped="0" time="9.058" errors="0">
<testcase name="Tags — Select and Display on Task Cards (ATDD) › [P0] adds chip on Enter in AddTaskDialog" classname="tags-select-display.spec.ts" time="0.677">
</testcase>
<testcase name="Tags — Select and Display on Task Cards (ATDD) › [P0] removes chip on ✕ click in AddTaskDialog" classname="tags-select-display.spec.ts" time="0.798">
</testcase>
<testcase name="Tags — Select and Display on Task Cards (ATDD) › [P0] chips for all tags are visible on the TaskCard after creation" classname="tags-select-display.spec.ts" time="1.076">
</testcase>
<testcase name="Tags — Select and Display on Task Cards (ATDD) › [P1] no chip row appears on TaskCard when task has no tags" classname="tags-select-display.spec.ts" time="1.197">
</testcase>
<testcase name="Tags — Select and Display on Task Cards (ATDD) › [P0] TaskDetailPanel tag add/remove updates the TaskCard" classname="tags-select-display.spec.ts" time="2.411">
</testcase>
<testcase name="Tags — Select and Display on Task Cards (ATDD) › [P1] comma-separated entry creates multiple trimmed chips" classname="tags-select-display.spec.ts" time="0.759">
</testcase>
<testcase name="Tags — Select and Display on Task Cards (ATDD) › [P2] duplicate tag entry is ignored" classname="tags-select-display.spec.ts" time="0.668">
</testcase>
<testcase name="Tags — Select and Display on Task Cards (ATDD) › [P2] tag longer than 20 chars is truncated with ellipsis on the chip" classname="tags-select-display.spec.ts" time="0.563">
</testcase>
<testcase name="Tags — Select and Display on Task Cards (ATDD) › [P3] Portuguese locale renders translated tag labels" classname="tags-select-display.spec.ts" time="0.909">
</testcase>
</testsuite>
</testsuites>